Restore Archived Project report for chip
Wed Aug 06 21:58:06 2014
Quartus II 64-Bit Version 13.1.4 Build 182 03/12/2014 Patches 4.14 SJ Full Version


---------------------
; Table of Contents ;
---------------------
  1. Legal Notice
  2. Restore Archived Project Summary
  3. Restore Archived Project Messages
  4. Files Restored
  5. Files Not Restored



----------------
; Legal Notice ;
----------------
Copyright (C) 1991-2014 Altera Corporation
Your use of Altera Corporation's design tools, logic functions 
and other software and tools, and its AMPP partner logic 
functions, and any output files from any of the foregoing 
(including device programming or simulation files), and any 
associated documentation or information are expressly subject 
to the terms and conditions of the Altera Program License 
Subscription Agreement, Altera MegaCore Function License 
Agreement, or other applicable license agreement, including, 
without limitation, that your use is for the sole purpose of 
programming logic devices manufactured by Altera and sold by 
Altera or its authorized distributors.  Please refer to the 
applicable agreement for further details.



+-------------------------------------------------------------------------+
; Restore Archived Project Summary                                        ;
+---------------------------------+---------------------------------------+
; Restore Archived Project Status ; Successful - Wed Aug 06 21:58:06 2014 ;
; Revision Name                   ; chip                                  ;
; Top-level Entity Name           ; CHIP                                  ;
; Family                          ; Stratix IV                            ;
+---------------------------------+---------------------------------------+


+-----------------------------------+
; Restore Archived Project Messages ;
+-----------------------------------+
Info: Successfully restored 'D:/pervices-project/10GE/ETH_10GBASER_DEMO_DESIGN.qar' into the 'D:/pervices-project/10GE/ETH_10GBASER_DEMO_DESIGN_restored/' directory
Info: Generated report 'chip.restore.rpt'
Info (23030): Evaluation of Tcl script c:/altera/13.1/quartus/common/tcl/apps/qpm/qar.tcl was successful
Info: Quartus II 64-Bit Shell was successful. 0 errors, 0 warnings
    Info: Peak virtual memory: 290 megabytes
    Info: Processing ended: Wed Aug 06 21:58:06 2014
    Info: Elapsed time: 00:00:02
    Info: Total CPU time (on all processors): 00:00:02


+-------------------------------------------------------------------------------------------------------------------------------------+
; Files Restored                                                                                                                      ;
+-------------------------------------------------------------------------------------------------------------------------------------+
; File Name                                                                                                                           ;
+-------------------------------------------------------------------------------------------------------------------------------------+
; CHIP.sdc                                                                                                                            ;
; CHIP.v                                                                                                                              ;
; DEMO/10g_mac_reg_map.tcl                                                                                                            ;
; DEMO/basic.tcl                                                                                                                      ;
; DEMO/bcm_phy.tcl                                                                                                                    ;
; DEMO/bcm_phy_reg_map.tcl                                                                                                            ;
; DEMO/demo.tcl                                                                                                                       ;
; DEMO/eth_inc.tcl                                                                                                                    ;
; DEMO/gen_inc.tcl                                                                                                                    ;
; DEMO/generator_reg_map.tcl                                                                                                          ;
; DEMO/mem_map_inc.tcl                                                                                                                ;
; DEMO/mon_inc.tcl                                                                                                                    ;
; DEMO/monitor_reg_map.tcl                                                                                                            ;
; DEMO/parameter.tcl                                                                                                                  ;
; DEMO/parameter_inc.tcl                                                                                                              ;
; DEMO/phy_ip_reg_map.tcl                                                                                                             ;
; DEMO/regress.tcl                                                                                                                    ;
; DEMO/system_base_addr_map.tcl                                                                                                       ;
; ETH10G_TOP.sopcinfo                                                                                                                 ;
; ETH10G_TOP/ETH10G_TOP.bsf                                                                                                           ;
; ETH10G_TOP/ETH10G_TOP.csv                                                                                                           ;
; ETH10G_TOP/ETH10G_TOP.html                                                                                                          ;
; ETH10G_TOP/ETH10G_TOP.qsys                                                                                                          ;
; ETH10G_TOP/ETH10G_TOP.sopcinfo                                                                                                      ;
; ETH10G_TOP/ETH10G_TOP.spd                                                                                                           ;
; ETH10G_TOP/greybox_tmp/cbx_args.txt                                                                                                 ;
; ETH10G_TOP/simulation/ETH10G_TOP.v                                                                                                  ;
; ETH10G_TOP/simulation/msim_setup.tcl                                                                                                ;
; ETH10G_TOP/simulation/submodules/ETH10G_TOP_eth_10g_design_example_0.v                                                              ;
; ETH10G_TOP/simulation/submodules/ETH10G_TOP_eth_10g_design_example_0_addr_router.sv                                                 ;
; ETH10G_TOP/simulation/submodules/ETH10G_TOP_eth_10g_design_example_0_cmd_xbar_demux.sv                                              ;
; ETH10G_TOP/simulation/submodules/ETH10G_TOP_eth_10g_design_example_0_eth_10g_mac.v                                                  ;
; ETH10G_TOP/simulation/submodules/ETH10G_TOP_eth_10g_design_example_0_eth_10g_mac_addr_router.sv                                     ;
; ETH10G_TOP/simulation/submodules/ETH10G_TOP_eth_10g_design_example_0_eth_10g_mac_addr_router_001.sv                                 ;
; ETH10G_TOP/simulation/submodules/ETH10G_TOP_eth_10g_design_example_0_eth_10g_mac_addr_router_002.sv                                 ;
; ETH10G_TOP/simulation/submodules/ETH10G_TOP_eth_10g_design_example_0_eth_10g_mac_cmd_xbar_demux.sv                                  ;
; ETH10G_TOP/simulation/submodules/ETH10G_TOP_eth_10g_design_example_0_eth_10g_mac_cmd_xbar_demux_001.sv                              ;
; ETH10G_TOP/simulation/submodules/ETH10G_TOP_eth_10g_design_example_0_eth_10g_mac_cmd_xbar_demux_002.sv                              ;
; ETH10G_TOP/simulation/submodules/ETH10G_TOP_eth_10g_design_example_0_eth_10g_mac_id_router.sv                                       ;
; ETH10G_TOP/simulation/submodules/ETH10G_TOP_eth_10g_design_example_0_eth_10g_mac_id_router_002.sv                                   ;
; ETH10G_TOP/simulation/submodules/ETH10G_TOP_eth_10g_design_example_0_eth_10g_mac_id_router_010.sv                                   ;
; ETH10G_TOP/simulation/submodules/ETH10G_TOP_eth_10g_design_example_0_eth_10g_mac_rsp_xbar_demux.sv                                  ;
; ETH10G_TOP/simulation/submodules/ETH10G_TOP_eth_10g_design_example_0_eth_10g_mac_rsp_xbar_demux_002.sv                              ;
; ETH10G_TOP/simulation/submodules/ETH10G_TOP_eth_10g_design_example_0_eth_10g_mac_rsp_xbar_demux_010.sv                              ;
; ETH10G_TOP/simulation/submodules/ETH10G_TOP_eth_10g_design_example_0_eth_10g_mac_rsp_xbar_mux.sv                                    ;
; ETH10G_TOP/simulation/submodules/ETH10G_TOP_eth_10g_design_example_0_eth_10g_mac_rsp_xbar_mux_001.sv                                ;
; ETH10G_TOP/simulation/submodules/ETH10G_TOP_eth_10g_design_example_0_eth_10g_mac_rsp_xbar_mux_002.sv                                ;
; ETH10G_TOP/simulation/submodules/ETH10G_TOP_eth_10g_design_example_0_eth_10g_mac_rx_eth_crc_checker.vo                              ;
; ETH10G_TOP/simulation/submodules/ETH10G_TOP_eth_10g_design_example_0_eth_10g_mac_rx_eth_crc_pad_rem.vo                              ;
; ETH10G_TOP/simulation/submodules/ETH10G_TOP_eth_10g_design_example_0_eth_10g_mac_rx_eth_frame_decoder.vo                            ;
; ETH10G_TOP/simulation/submodules/ETH10G_TOP_eth_10g_design_example_0_eth_10g_mac_rx_eth_frame_status_merger.vo                      ;
; ETH10G_TOP/simulation/submodules/ETH10G_TOP_eth_10g_design_example_0_eth_10g_mac_rx_eth_lane_decoder.vo                             ;
; ETH10G_TOP/simulation/submodules/ETH10G_TOP_eth_10g_design_example_0_eth_10g_mac_rx_eth_link_fault_detection.vo                     ;
; ETH10G_TOP/simulation/submodules/ETH10G_TOP_eth_10g_design_example_0_eth_10g_mac_rx_eth_packet_overflow_control.vo                  ;
; ETH10G_TOP/simulation/submodules/ETH10G_TOP_eth_10g_design_example_0_eth_10g_mac_rx_eth_pkt_backpressure_control.vo                 ;
; ETH10G_TOP/simulation/submodules/ETH10G_TOP_eth_10g_design_example_0_eth_10g_mac_rx_st_error_adapter_stat.v                         ;
; ETH10G_TOP/simulation/submodules/ETH10G_TOP_eth_10g_design_example_0_eth_10g_mac_rx_st_timing_adapter_frame_status_in.v             ;
; ETH10G_TOP/simulation/submodules/ETH10G_TOP_eth_10g_design_example_0_eth_10g_mac_rx_st_timing_adapter_interface_conversion.v        ;
; ETH10G_TOP/simulation/submodules/ETH10G_TOP_eth_10g_design_example_0_eth_10g_mac_rx_st_timing_adapter_lane_decoder.v                ;
; ETH10G_TOP/simulation/submodules/ETH10G_TOP_eth_10g_design_example_0_eth_10g_mac_rx_timing_adapter_frame_status_out_frame_decoder.v ;
; ETH10G_TOP/simulation/submodules/ETH10G_TOP_eth_10g_design_example_0_eth_10g_mac_rxtx_timing_adapter_pauselen_rx.v                  ;
; ETH10G_TOP/simulation/submodules/ETH10G_TOP_eth_10g_design_example_0_eth_10g_mac_rxtx_timing_adapter_pauselen_tx.v                  ;
; ETH10G_TOP/simulation/submodules/ETH10G_TOP_eth_10g_design_example_0_eth_10g_mac_tx_eth_address_inserter.vo                         ;
; ETH10G_TOP/simulation/submodules/ETH10G_TOP_eth_10g_design_example_0_eth_10g_mac_tx_eth_crc_inserter.vo                             ;
; ETH10G_TOP/simulation/submodules/ETH10G_TOP_eth_10g_design_example_0_eth_10g_mac_tx_eth_frame_decoder.vo                            ;
; ETH10G_TOP/simulation/submodules/ETH10G_TOP_eth_10g_design_example_0_eth_10g_mac_tx_eth_link_fault_generation.vo                    ;
; ETH10G_TOP/simulation/submodules/ETH10G_TOP_eth_10g_design_example_0_eth_10g_mac_tx_eth_packet_formatter.vo                         ;
; ETH10G_TOP/simulation/submodules/ETH10G_TOP_eth_10g_design_example_0_eth_10g_mac_tx_eth_packet_underflow_control.vo                 ;
; ETH10G_TOP/simulation/submodules/ETH10G_TOP_eth_10g_design_example_0_eth_10g_mac_tx_eth_pad_inserter.vo                             ;
; ETH10G_TOP/simulation/submodules/ETH10G_TOP_eth_10g_design_example_0_eth_10g_mac_tx_eth_pause_beat_conversion.vo                    ;
; ETH10G_TOP/simulation/submodules/ETH10G_TOP_eth_10g_design_example_0_eth_10g_mac_tx_eth_pause_ctrl_gen.vo                           ;
; ETH10G_TOP/simulation/submodules/ETH10G_TOP_eth_10g_design_example_0_eth_10g_mac_tx_eth_pkt_backpressure_control.vo                 ;
; ETH10G_TOP/simulation/submodules/ETH10G_TOP_eth_10g_design_example_0_eth_10g_mac_tx_eth_statistics_collector.vo                     ;
; ETH10G_TOP/simulation/submodules/ETH10G_TOP_eth_10g_design_example_0_eth_10g_mac_tx_eth_xgmii_termination.vo                        ;
; ETH10G_TOP/simulation/submodules/ETH10G_TOP_eth_10g_design_example_0_eth_10g_mac_tx_st_error_adapter_stat.v                         ;
; ETH10G_TOP/simulation/submodules/ETH10G_TOP_eth_10g_design_example_0_eth_10g_mac_tx_st_mux_flow_control_user_frame.v                ;
; ETH10G_TOP/simulation/submodules/ETH10G_TOP_eth_10g_design_example_0_eth_10g_mac_tx_st_pause_ctrl_error_adapter.v                   ;
; ETH10G_TOP/simulation/submodules/ETH10G_TOP_eth_10g_design_example_0_eth_10g_mac_tx_st_timing_adapter_frame_decoder.v               ;
; ETH10G_TOP/simulation/submodules/ETH10G_TOP_eth_10g_design_example_0_eth_10g_mac_tx_st_timing_adapter_splitter_status_in.v          ;
; ETH10G_TOP/simulation/submodules/ETH10G_TOP_eth_10g_design_example_0_eth_10g_mac_tx_st_timing_adapter_splitter_status_output.v      ;
; ETH10G_TOP/simulation/submodules/ETH10G_TOP_eth_10g_design_example_0_eth_10g_mac_txrx_timing_adapter_link_fault_status_export.v     ;
; ETH10G_TOP/simulation/submodules/ETH10G_TOP_eth_10g_design_example_0_eth_10g_mac_txrx_timing_adapter_link_fault_status_rx.v         ;
; ETH10G_TOP/simulation/submodules/ETH10G_TOP_eth_10g_design_example_0_eth_loopback_composed.v                                        ;
; ETH10G_TOP/simulation/submodules/ETH10G_TOP_eth_10g_design_example_0_eth_loopback_composed_addr_router.sv                           ;
; ETH10G_TOP/simulation/submodules/ETH10G_TOP_eth_10g_design_example_0_eth_loopback_composed_cmd_xbar_demux.sv                        ;
; ETH10G_TOP/simulation/submodules/ETH10G_TOP_eth_10g_design_example_0_eth_loopback_composed_id_router.sv                             ;
; ETH10G_TOP/simulation/submodules/ETH10G_TOP_eth_10g_design_example_0_eth_loopback_composed_lc_lb_timing_adapter.v                   ;
; ETH10G_TOP/simulation/submodules/ETH10G_TOP_eth_10g_design_example_0_eth_loopback_composed_lc_splitter_timing_adapter.v             ;
; ETH10G_TOP/simulation/submodules/ETH10G_TOP_eth_10g_design_example_0_eth_loopback_composed_line_lb_timing_adapter.v                 ;
; ETH10G_TOP/simulation/submodules/ETH10G_TOP_eth_10g_design_example_0_eth_loopback_composed_line_splitter_timing_adapter.v           ;
; ETH10G_TOP/simulation/submodules/ETH10G_TOP_eth_10g_design_example_0_eth_loopback_composed_rsp_xbar_demux.sv                        ;
; ETH10G_TOP/simulation/submodules/ETH10G_TOP_eth_10g_design_example_0_eth_loopback_composed_rsp_xbar_mux.sv                          ;
; ETH10G_TOP/simulation/submodules/ETH10G_TOP_eth_10g_design_example_0_id_router.sv                                                   ;
; ETH10G_TOP/simulation/submodules/ETH10G_TOP_eth_10g_design_example_0_pa_pg_after_timing_adapter.v                                   ;
; ETH10G_TOP/simulation/submodules/ETH10G_TOP_eth_10g_design_example_0_pa_pg_before_timing_adapter.v                                  ;
; ETH10G_TOP/simulation/submodules/ETH10G_TOP_eth_10g_design_example_0_rsp_xbar_demux.sv                                              ;
; ETH10G_TOP/simulation/submodules/ETH10G_TOP_eth_10g_design_example_0_rsp_xbar_mux.sv                                                ;
; ETH10G_TOP/simulation/submodules/aldec/alt_10gbaser_pcs.v                                                                           ;
; ETH10G_TOP/simulation/submodules/aldec/altera_10gbaser_phy_async_fifo.sv                                                            ;
; ETH10G_TOP/simulation/submodules/aldec/altera_10gbaser_phy_async_fifo_fpga.sv                                                       ;
; ETH10G_TOP/simulation/submodules/aldec/altera_10gbaser_phy_ber.v                                                                    ;
; ETH10G_TOP/simulation/submodules/aldec/altera_10gbaser_phy_ber_cnt_ns.v                                                             ;
; ETH10G_TOP/simulation/submodules/aldec/altera_10gbaser_phy_ber_sm.v                                                                 ;
; ETH10G_TOP/simulation/submodules/aldec/altera_10gbaser_phy_bitsync.v                                                                ;
; ETH10G_TOP/simulation/submodules/aldec/altera_10gbaser_phy_blksync.v                                                                ;
; ETH10G_TOP/simulation/submodules/aldec/altera_10gbaser_phy_blksync_datapath.v                                                       ;
; ETH10G_TOP/simulation/submodules/aldec/altera_10gbaser_phy_clk_ctrl.v                                                               ;
; ETH10G_TOP/simulation/submodules/aldec/altera_10gbaser_phy_clockcomp.sv                                                             ;
; ETH10G_TOP/simulation/submodules/aldec/altera_10gbaser_phy_decode.sv                                                                ;
; ETH10G_TOP/simulation/submodules/aldec/altera_10gbaser_phy_decode_type.sv                                                           ;
; ETH10G_TOP/simulation/submodules/aldec/altera_10gbaser_phy_descramble.v                                                             ;
; ETH10G_TOP/simulation/submodules/aldec/altera_10gbaser_phy_encode.sv                                                                ;
; ETH10G_TOP/simulation/submodules/aldec/altera_10gbaser_phy_encode_type.sv                                                           ;
; ETH10G_TOP/simulation/submodules/aldec/altera_10gbaser_phy_gearbox_exp.v                                                            ;
; ETH10G_TOP/simulation/submodules/aldec/altera_10gbaser_phy_gearbox_red.v                                                            ;
; ETH10G_TOP/simulation/submodules/aldec/altera_10gbaser_phy_lock_sm.v                                                                ;
; ETH10G_TOP/simulation/submodules/aldec/altera_10gbaser_phy_nto1mux.v                                                                ;
; ETH10G_TOP/simulation/submodules/aldec/altera_10gbaser_phy_params.sv                                                                ;
; ETH10G_TOP/simulation/submodules/aldec/altera_10gbaser_phy_pcs_10g.v                                                                ;
; ETH10G_TOP/simulation/submodules/aldec/altera_10gbaser_phy_pcs_10g_top.sv                                                           ;
; ETH10G_TOP/simulation/submodules/aldec/altera_10gbaser_phy_prbs_gen_xg.v                                                            ;
; ETH10G_TOP/simulation/submodules/aldec/altera_10gbaser_phy_prbs_ver_xg.v                                                            ;
; ETH10G_TOP/simulation/submodules/aldec/altera_10gbaser_phy_random_err_cnt_ns.sv                                                     ;
; ETH10G_TOP/simulation/submodules/aldec/altera_10gbaser_phy_random_gen.sv                                                            ;
; ETH10G_TOP/simulation/submodules/aldec/altera_10gbaser_phy_random_ver.sv                                                            ;
; ETH10G_TOP/simulation/submodules/aldec/altera_10gbaser_phy_random_ver_10g.sv                                                        ;
; ETH10G_TOP/simulation/submodules/aldec/altera_10gbaser_phy_reg_map_av.sv                                                            ;
; ETH10G_TOP/simulation/submodules/aldec/altera_10gbaser_phy_register_with_byte_enable.v                                              ;
; ETH10G_TOP/simulation/submodules/aldec/altera_10gbaser_phy_rx_fifo.v                                                                ;
; ETH10G_TOP/simulation/submodules/aldec/altera_10gbaser_phy_rx_fifo_wrap.v                                                           ;
; ETH10G_TOP/simulation/submodules/aldec/altera_10gbaser_phy_rx_sm_datapath.sv                                                        ;
; ETH10G_TOP/simulation/submodules/aldec/altera_10gbaser_phy_rx_sm_ns.sv                                                              ;
; ETH10G_TOP/simulation/submodules/aldec/altera_10gbaser_phy_rx_top.v                                                                 ;
; ETH10G_TOP/simulation/submodules/aldec/altera_10gbaser_phy_scramble.v                                                               ;
; ETH10G_TOP/simulation/submodules/aldec/altera_10gbaser_phy_square_wave_gen.v                                                        ;
; ETH10G_TOP/simulation/submodules/aldec/altera_10gbaser_phy_tx_sm_datapath.sv                                                        ;
; ETH10G_TOP/simulation/submodules/aldec/altera_10gbaser_phy_tx_sm_ns.sv                                                              ;
; ETH10G_TOP/simulation/submodules/aldec/altera_10gbaser_phy_tx_top.v                                                                 ;
; ETH10G_TOP/simulation/submodules/aldec/altera_10gbaser_phy_word_align.v                                                             ;
; ETH10G_TOP/simulation/submodules/aldec/gearbox_exp.v                                                                                ;
; ETH10G_TOP/simulation/submodules/aldec/nto1mux.v                                                                                    ;
; ETH10G_TOP/simulation/submodules/alt_dprio.v                                                                                        ;
; ETH10G_TOP/simulation/submodules/alt_mutex_acq.v                                                                                    ;
; ETH10G_TOP/simulation/submodules/alt_pma_10gbaser_tgx_vo.sv                                                                         ;
; ETH10G_TOP/simulation/submodules/alt_pma_ch_controller_tgx.v                                                                        ;
; ETH10G_TOP/simulation/submodules/alt_pma_controller_tgx.v                                                                           ;
; ETH10G_TOP/simulation/submodules/alt_pma_functions.sv                                                                               ;
; ETH10G_TOP/simulation/submodules/alt_reset_ctrl_lego.sv                                                                             ;
; ETH10G_TOP/simulation/submodules/alt_reset_ctrl_tgx_cdrauto.sv                                                                      ;
; ETH10G_TOP/simulation/submodules/alt_xcvr_arbiter.sv                                                                                ;
; ETH10G_TOP/simulation/submodules/alt_xcvr_csr_common.sv                                                                             ;
; ETH10G_TOP/simulation/submodules/alt_xcvr_csr_common_h.sv                                                                           ;
; ETH10G_TOP/simulation/submodules/alt_xcvr_csr_pcs8g.sv                                                                              ;
; ETH10G_TOP/simulation/submodules/alt_xcvr_csr_pcs8g_h.sv                                                                            ;
; ETH10G_TOP/simulation/submodules/alt_xcvr_csr_selector.sv                                                                           ;
; ETH10G_TOP/simulation/submodules/alt_xcvr_m2s.sv                                                                                    ;
; ETH10G_TOP/simulation/submodules/alt_xcvr_mgmt2dec.sv                                                                               ;
; ETH10G_TOP/simulation/submodules/alt_xcvr_reconfig_analog.sv                                                                        ;
; ETH10G_TOP/simulation/submodules/alt_xcvr_reconfig_analog_tgx.v                                                                     ;
; ETH10G_TOP/simulation/submodules/alt_xcvr_reconfig_basic_tgx.v                                                                      ;
; ETH10G_TOP/simulation/submodules/alt_xcvr_reconfig_dfe.v                                                                            ;
; ETH10G_TOP/simulation/submodules/alt_xcvr_reconfig_dfe_tgx.v                                                                        ;
; ETH10G_TOP/simulation/submodules/alt_xcvr_reconfig_eyemon.v                                                                         ;
; ETH10G_TOP/simulation/submodules/alt_xcvr_reconfig_eyemon_tgx.v                                                                     ;
; ETH10G_TOP/simulation/submodules/alt_xcvr_reconfig_h.sv                                                                             ;
; ETH10G_TOP/simulation/submodules/alt_xcvr_reconfig_offset_cancellation.sv                                                           ;
; ETH10G_TOP/simulation/submodules/alt_xcvr_reconfig_offset_cancellation_tgx.v                                                        ;
; ETH10G_TOP/simulation/submodules/alt_xcvr_reconfig_siv.sv                                                                           ;
; ETH10G_TOP/simulation/submodules/alt_xcvr_resync.sv                                                                                 ;
; ETH10G_TOP/simulation/submodules/altera_avalon_dc_fifo.v                                                                            ;
; ETH10G_TOP/simulation/submodules/altera_avalon_mm_bridge.v                                                                          ;
; ETH10G_TOP/simulation/submodules/altera_avalon_sc_fifo.v                                                                            ;
; ETH10G_TOP/simulation/submodules/altera_avalon_st_clock_crosser.v                                                                   ;
; ETH10G_TOP/simulation/submodules/altera_avalon_st_delay.sv                                                                          ;
; ETH10G_TOP/simulation/submodules/altera_avalon_st_handshake_clock_crosser.v                                                         ;
; ETH10G_TOP/simulation/submodules/altera_avalon_st_pipeline_base.v                                                                   ;
; ETH10G_TOP/simulation/submodules/altera_avalon_st_pipeline_stage.sv                                                                 ;
; ETH10G_TOP/simulation/submodules/altera_avalon_st_splitter.sv                                                                       ;
; ETH10G_TOP/simulation/submodules/altera_dcfifo_synchronizer_bundle.v                                                                ;
; ETH10G_TOP/simulation/submodules/altera_eth_fifo_pause_ctrl_adapter.v                                                               ;
; ETH10G_TOP/simulation/submodules/altera_eth_loopback.v                                                                              ;
; ETH10G_TOP/simulation/submodules/altera_eth_mdio.v                                                                                  ;
; ETH10G_TOP/simulation/submodules/altera_merlin_arbitrator.sv                                                                        ;
; ETH10G_TOP/simulation/submodules/altera_merlin_burst_uncompressor.sv                                                                ;
; ETH10G_TOP/simulation/submodules/altera_merlin_master_agent.sv                                                                      ;
; ETH10G_TOP/simulation/submodules/altera_merlin_master_translator.sv                                                                 ;
; ETH10G_TOP/simulation/submodules/altera_merlin_slave_agent.sv                                                                       ;
; ETH10G_TOP/simulation/submodules/altera_merlin_slave_translator.sv                                                                  ;
; ETH10G_TOP/simulation/submodules/altera_merlin_traffic_limiter.sv                                                                   ;
; ETH10G_TOP/simulation/submodules/altera_reset_controller.v                                                                          ;
; ETH10G_TOP/simulation/submodules/altera_reset_synchronizer.v                                                                        ;
; ETH10G_TOP/simulation/submodules/altera_wait_generate.v                                                                             ;
; ETH10G_TOP/simulation/submodules/altera_xcvr_10gbaser.sv                                                                            ;
; ETH10G_TOP/simulation/submodules/altera_xcvr_functions.sv                                                                           ;
; ETH10G_TOP/simulation/submodules/csr_pcs10gbaser.sv                                                                                 ;
; ETH10G_TOP/simulation/submodules/csr_pcs10gbaser_h.sv                                                                               ;
; ETH10G_TOP/simulation/submodules/mentor/alt_10gbaser_pcs.v                                                                          ;
; ETH10G_TOP/simulation/submodules/mentor/alt_dprio.v                                                                                 ;
; ETH10G_TOP/simulation/submodules/mentor/alt_mutex_acq.v                                                                             ;
; ETH10G_TOP/simulation/submodules/mentor/alt_pma_10gbaser_tgx_vo.sv                                                                  ;
; ETH10G_TOP/simulation/submodules/mentor/alt_pma_ch_controller_tgx.v                                                                 ;
; ETH10G_TOP/simulation/submodules/mentor/alt_pma_controller_tgx.v                                                                    ;
; ETH10G_TOP/simulation/submodules/mentor/alt_pma_functions.sv                                                                        ;
; ETH10G_TOP/simulation/submodules/mentor/alt_reset_ctrl_lego.sv                                                                      ;
; ETH10G_TOP/simulation/submodules/mentor/alt_reset_ctrl_tgx_cdrauto.sv                                                               ;
; ETH10G_TOP/simulation/submodules/mentor/alt_xcvr_arbiter.sv                                                                         ;
; ETH10G_TOP/simulation/submodules/mentor/alt_xcvr_csr_common.sv                                                                      ;
; ETH10G_TOP/simulation/submodules/mentor/alt_xcvr_csr_common_h.sv                                                                    ;
; ETH10G_TOP/simulation/submodules/mentor/alt_xcvr_csr_pcs8g.sv                                                                       ;
; ETH10G_TOP/simulation/submodules/mentor/alt_xcvr_csr_pcs8g_h.sv                                                                     ;
; ETH10G_TOP/simulation/submodules/mentor/alt_xcvr_csr_selector.sv                                                                    ;
; ETH10G_TOP/simulation/submodules/mentor/alt_xcvr_m2s.sv                                                                             ;
; ETH10G_TOP/simulation/submodules/mentor/alt_xcvr_mgmt2dec.sv                                                                        ;
; ETH10G_TOP/simulation/submodules/mentor/alt_xcvr_reconfig_analog.sv                                                                 ;
; ETH10G_TOP/simulation/submodules/mentor/alt_xcvr_reconfig_analog_tgx.v                                                              ;
; ETH10G_TOP/simulation/submodules/mentor/alt_xcvr_reconfig_basic_tgx.v                                                               ;
; ETH10G_TOP/simulation/submodules/mentor/alt_xcvr_reconfig_dfe.v                                                                     ;
; ETH10G_TOP/simulation/submodules/mentor/alt_xcvr_reconfig_dfe_tgx.v                                                                 ;
; ETH10G_TOP/simulation/submodules/mentor/alt_xcvr_reconfig_eyemon.v                                                                  ;
; ETH10G_TOP/simulation/submodules/mentor/alt_xcvr_reconfig_eyemon_tgx.v                                                              ;
; ETH10G_TOP/simulation/submodules/mentor/alt_xcvr_reconfig_h.sv                                                                      ;
; ETH10G_TOP/simulation/submodules/mentor/alt_xcvr_reconfig_offset_cancellation.sv                                                    ;
; ETH10G_TOP/simulation/submodules/mentor/alt_xcvr_reconfig_offset_cancellation_tgx.v                                                 ;
; ETH10G_TOP/simulation/submodules/mentor/alt_xcvr_reconfig_siv.sv                                                                    ;
; ETH10G_TOP/simulation/submodules/mentor/alt_xcvr_resync.sv                                                                          ;
; ETH10G_TOP/simulation/submodules/mentor/altera_10gbaser_phy_async_fifo.sv                                                           ;
; ETH10G_TOP/simulation/submodules/mentor/altera_10gbaser_phy_async_fifo_fpga.sv                                                      ;
; ETH10G_TOP/simulation/submodules/mentor/altera_10gbaser_phy_ber.v                                                                   ;
; ETH10G_TOP/simulation/submodules/mentor/altera_10gbaser_phy_ber_cnt_ns.v                                                            ;
; ETH10G_TOP/simulation/submodules/mentor/altera_10gbaser_phy_ber_sm.v                                                                ;
; ETH10G_TOP/simulation/submodules/mentor/altera_10gbaser_phy_bitsync.v                                                               ;
; ETH10G_TOP/simulation/submodules/mentor/altera_10gbaser_phy_blksync.v                                                               ;
; ETH10G_TOP/simulation/submodules/mentor/altera_10gbaser_phy_blksync_datapath.v                                                      ;
; ETH10G_TOP/simulation/submodules/mentor/altera_10gbaser_phy_clk_ctrl.v                                                              ;
; ETH10G_TOP/simulation/submodules/mentor/altera_10gbaser_phy_clockcomp.sv                                                            ;
; ETH10G_TOP/simulation/submodules/mentor/altera_10gbaser_phy_decode.sv                                                               ;
; ETH10G_TOP/simulation/submodules/mentor/altera_10gbaser_phy_decode_type.sv                                                          ;
; ETH10G_TOP/simulation/submodules/mentor/altera_10gbaser_phy_descramble.v                                                            ;
; ETH10G_TOP/simulation/submodules/mentor/altera_10gbaser_phy_encode.sv                                                               ;
; ETH10G_TOP/simulation/submodules/mentor/altera_10gbaser_phy_encode_type.sv                                                          ;
; ETH10G_TOP/simulation/submodules/mentor/altera_10gbaser_phy_gearbox_exp.v                                                           ;
; ETH10G_TOP/simulation/submodules/mentor/altera_10gbaser_phy_gearbox_red.v                                                           ;
; ETH10G_TOP/simulation/submodules/mentor/altera_10gbaser_phy_lock_sm.v                                                               ;
; ETH10G_TOP/simulation/submodules/mentor/altera_10gbaser_phy_nto1mux.v                                                               ;
; ETH10G_TOP/simulation/submodules/mentor/altera_10gbaser_phy_params.sv                                                               ;
; ETH10G_TOP/simulation/submodules/mentor/altera_10gbaser_phy_pcs_10g.v                                                               ;
; ETH10G_TOP/simulation/submodules/mentor/altera_10gbaser_phy_pcs_10g_top.sv                                                          ;
; ETH10G_TOP/simulation/submodules/mentor/altera_10gbaser_phy_prbs_gen_xg.v                                                           ;
; ETH10G_TOP/simulation/submodules/mentor/altera_10gbaser_phy_prbs_ver_xg.v                                                           ;
; ETH10G_TOP/simulation/submodules/mentor/altera_10gbaser_phy_random_err_cnt_ns.sv                                                    ;
; ETH10G_TOP/simulation/submodules/mentor/altera_10gbaser_phy_random_gen.sv                                                           ;
; ETH10G_TOP/simulation/submodules/mentor/altera_10gbaser_phy_random_ver.sv                                                           ;
; ETH10G_TOP/simulation/submodules/mentor/altera_10gbaser_phy_random_ver_10g.sv                                                       ;
; ETH10G_TOP/simulation/submodules/mentor/altera_10gbaser_phy_reg_map_av.sv                                                           ;
; ETH10G_TOP/simulation/submodules/mentor/altera_10gbaser_phy_register_with_byte_enable.v                                             ;
; ETH10G_TOP/simulation/submodules/mentor/altera_10gbaser_phy_rx_fifo.v                                                               ;
; ETH10G_TOP/simulation/submodules/mentor/altera_10gbaser_phy_rx_fifo_wrap.v                                                          ;
; ETH10G_TOP/simulation/submodules/mentor/altera_10gbaser_phy_rx_sm_datapath.sv                                                       ;
; ETH10G_TOP/simulation/submodules/mentor/altera_10gbaser_phy_rx_sm_ns.sv                                                             ;
; ETH10G_TOP/simulation/submodules/mentor/altera_10gbaser_phy_rx_top.v                                                                ;
; ETH10G_TOP/simulation/submodules/mentor/altera_10gbaser_phy_scramble.v                                                              ;
; ETH10G_TOP/simulation/submodules/mentor/altera_10gbaser_phy_square_wave_gen.v                                                       ;
; ETH10G_TOP/simulation/submodules/mentor/altera_10gbaser_phy_tx_sm_datapath.sv                                                       ;
; ETH10G_TOP/simulation/submodules/mentor/altera_10gbaser_phy_tx_sm_ns.sv                                                             ;
; ETH10G_TOP/simulation/submodules/mentor/altera_10gbaser_phy_tx_top.v                                                                ;
; ETH10G_TOP/simulation/submodules/mentor/altera_10gbaser_phy_word_align.v                                                            ;
; ETH10G_TOP/simulation/submodules/mentor/altera_wait_generate.v                                                                      ;
; ETH10G_TOP/simulation/submodules/mentor/altera_xcvr_10gbaser.sv                                                                     ;
; ETH10G_TOP/simulation/submodules/mentor/altera_xcvr_functions.sv                                                                    ;
; ETH10G_TOP/simulation/submodules/mentor/csr_pcs10gbaser.sv                                                                          ;
; ETH10G_TOP/simulation/submodules/mentor/csr_pcs10gbaser_h.sv                                                                        ;
; ETH10G_TOP/simulation/submodules/mentor/gearbox_exp.v                                                                               ;
; ETH10G_TOP/simulation/submodules/mentor/nto1mux.v                                                                                   ;
; ETH10G_TOP/simulation/submodules/mentor/pll_siv_xgmii.v                                                                             ;
; ETH10G_TOP/simulation/submodules/mentor/siv_10gbaser_pcs_pma_map.v                                                                  ;
; ETH10G_TOP/simulation/submodules/mentor/siv_10gbaser_xcvr.v                                                                         ;
; ETH10G_TOP/simulation/submodules/mentor/tgx_ch_reset_ctrl.sv                                                                        ;
; ETH10G_TOP/simulation/submodules/modelsim_example_script.tcl                                                                        ;
; ETH10G_TOP/simulation/submodules/pll_siv_xgmii.v                                                                                    ;
; ETH10G_TOP/simulation/submodules/siv_10gbaser_pcs_pma_map.v                                                                         ;
; ETH10G_TOP/simulation/submodules/siv_10gbaser_xcvr.v                                                                                ;
; ETH10G_TOP/simulation/submodules/tgx_ch_reset_ctrl.sv                                                                               ;
; ETH10G_TOP/synthesis/ETH10G_TOP.qip                                                                                                 ;
; ETH10G_TOP/synthesis/ETH10G_TOP.v                                                                                                   ;
; ETH10G_TOP/synthesis/submodules/ETH10G_TOP_eth_10g_design_example_0.v                                                               ;
; ETH10G_TOP/synthesis/submodules/ETH10G_TOP_eth_10g_design_example_0_addr_router.sv                                                  ;
; ETH10G_TOP/synthesis/submodules/ETH10G_TOP_eth_10g_design_example_0_cmd_xbar_demux.sv                                               ;
; ETH10G_TOP/synthesis/submodules/ETH10G_TOP_eth_10g_design_example_0_eth_10g_mac.v                                                   ;
; ETH10G_TOP/synthesis/submodules/ETH10G_TOP_eth_10g_design_example_0_eth_10g_mac_addr_router.sv                                      ;
; ETH10G_TOP/synthesis/submodules/ETH10G_TOP_eth_10g_design_example_0_eth_10g_mac_addr_router_001.sv                                  ;
; ETH10G_TOP/synthesis/submodules/ETH10G_TOP_eth_10g_design_example_0_eth_10g_mac_addr_router_002.sv                                  ;
; ETH10G_TOP/synthesis/submodules/ETH10G_TOP_eth_10g_design_example_0_eth_10g_mac_cmd_xbar_demux.sv                                   ;
; ETH10G_TOP/synthesis/submodules/ETH10G_TOP_eth_10g_design_example_0_eth_10g_mac_cmd_xbar_demux_001.sv                               ;
; ETH10G_TOP/synthesis/submodules/ETH10G_TOP_eth_10g_design_example_0_eth_10g_mac_cmd_xbar_demux_002.sv                               ;
; ETH10G_TOP/synthesis/submodules/ETH10G_TOP_eth_10g_design_example_0_eth_10g_mac_id_router.sv                                        ;
; ETH10G_TOP/synthesis/submodules/ETH10G_TOP_eth_10g_design_example_0_eth_10g_mac_id_router_002.sv                                    ;
; ETH10G_TOP/synthesis/submodules/ETH10G_TOP_eth_10g_design_example_0_eth_10g_mac_id_router_010.sv                                    ;
; ETH10G_TOP/synthesis/submodules/ETH10G_TOP_eth_10g_design_example_0_eth_10g_mac_rsp_xbar_demux.sv                                   ;
; ETH10G_TOP/synthesis/submodules/ETH10G_TOP_eth_10g_design_example_0_eth_10g_mac_rsp_xbar_demux_002.sv                               ;
; ETH10G_TOP/synthesis/submodules/ETH10G_TOP_eth_10g_design_example_0_eth_10g_mac_rsp_xbar_demux_010.sv                               ;
; ETH10G_TOP/synthesis/submodules/ETH10G_TOP_eth_10g_design_example_0_eth_10g_mac_rsp_xbar_mux.sv                                     ;
; ETH10G_TOP/synthesis/submodules/ETH10G_TOP_eth_10g_design_example_0_eth_10g_mac_rsp_xbar_mux_001.sv                                 ;
; ETH10G_TOP/synthesis/submodules/ETH10G_TOP_eth_10g_design_example_0_eth_10g_mac_rsp_xbar_mux_002.sv                                 ;
; ETH10G_TOP/synthesis/submodules/ETH10G_TOP_eth_10g_design_example_0_eth_10g_mac_rx_st_error_adapter_stat.v                          ;
; ETH10G_TOP/synthesis/submodules/ETH10G_TOP_eth_10g_design_example_0_eth_10g_mac_rx_st_timing_adapter_frame_status_in.v              ;
; ETH10G_TOP/synthesis/submodules/ETH10G_TOP_eth_10g_design_example_0_eth_10g_mac_rx_st_timing_adapter_interface_conversion.v         ;
; ETH10G_TOP/synthesis/submodules/ETH10G_TOP_eth_10g_design_example_0_eth_10g_mac_rx_st_timing_adapter_lane_decoder.v                 ;
; ETH10G_TOP/synthesis/submodules/ETH10G_TOP_eth_10g_design_example_0_eth_10g_mac_rx_timing_adapter_frame_status_out_frame_decoder.v  ;
; ETH10G_TOP/synthesis/submodules/ETH10G_TOP_eth_10g_design_example_0_eth_10g_mac_rxtx_timing_adapter_pauselen_rx.v                   ;
; ETH10G_TOP/synthesis/submodules/ETH10G_TOP_eth_10g_design_example_0_eth_10g_mac_rxtx_timing_adapter_pauselen_tx.v                   ;
; ETH10G_TOP/synthesis/submodules/ETH10G_TOP_eth_10g_design_example_0_eth_10g_mac_tx_st_error_adapter_stat.v                          ;
; ETH10G_TOP/synthesis/submodules/ETH10G_TOP_eth_10g_design_example_0_eth_10g_mac_tx_st_mux_flow_control_user_frame.v                 ;
; ETH10G_TOP/synthesis/submodules/ETH10G_TOP_eth_10g_design_example_0_eth_10g_mac_tx_st_pause_ctrl_error_adapter.v                    ;
; ETH10G_TOP/synthesis/submodules/ETH10G_TOP_eth_10g_design_example_0_eth_10g_mac_tx_st_timing_adapter_frame_decoder.v                ;
; ETH10G_TOP/synthesis/submodules/ETH10G_TOP_eth_10g_design_example_0_eth_10g_mac_tx_st_timing_adapter_splitter_status_in.v           ;
; ETH10G_TOP/synthesis/submodules/ETH10G_TOP_eth_10g_design_example_0_eth_10g_mac_tx_st_timing_adapter_splitter_status_output.v       ;
; ETH10G_TOP/synthesis/submodules/ETH10G_TOP_eth_10g_design_example_0_eth_10g_mac_txrx_timing_adapter_link_fault_status_export.v      ;
; ETH10G_TOP/synthesis/submodules/ETH10G_TOP_eth_10g_design_example_0_eth_10g_mac_txrx_timing_adapter_link_fault_status_rx.v          ;
; ETH10G_TOP/synthesis/submodules/ETH10G_TOP_eth_10g_design_example_0_eth_loopback_composed.v                                         ;
; ETH10G_TOP/synthesis/submodules/ETH10G_TOP_eth_10g_design_example_0_eth_loopback_composed_addr_router.sv                            ;
; ETH10G_TOP/synthesis/submodules/ETH10G_TOP_eth_10g_design_example_0_eth_loopback_composed_cmd_xbar_demux.sv                         ;
; ETH10G_TOP/synthesis/submodules/ETH10G_TOP_eth_10g_design_example_0_eth_loopback_composed_id_router.sv                              ;
; ETH10G_TOP/synthesis/submodules/ETH10G_TOP_eth_10g_design_example_0_eth_loopback_composed_lc_lb_timing_adapter.v                    ;
; ETH10G_TOP/synthesis/submodules/ETH10G_TOP_eth_10g_design_example_0_eth_loopback_composed_lc_splitter_timing_adapter.v              ;
; ETH10G_TOP/synthesis/submodules/ETH10G_TOP_eth_10g_design_example_0_eth_loopback_composed_line_lb_timing_adapter.v                  ;
; ETH10G_TOP/synthesis/submodules/ETH10G_TOP_eth_10g_design_example_0_eth_loopback_composed_line_splitter_timing_adapter.v            ;
; ETH10G_TOP/synthesis/submodules/ETH10G_TOP_eth_10g_design_example_0_eth_loopback_composed_rsp_xbar_demux.sv                         ;
; ETH10G_TOP/synthesis/submodules/ETH10G_TOP_eth_10g_design_example_0_eth_loopback_composed_rsp_xbar_mux.sv                           ;
; ETH10G_TOP/synthesis/submodules/ETH10G_TOP_eth_10g_design_example_0_id_router.sv                                                    ;
; ETH10G_TOP/synthesis/submodules/ETH10G_TOP_eth_10g_design_example_0_pa_pg_after_timing_adapter.v                                    ;
; ETH10G_TOP/synthesis/submodules/ETH10G_TOP_eth_10g_design_example_0_pa_pg_before_timing_adapter.v                                   ;
; ETH10G_TOP/synthesis/submodules/ETH10G_TOP_eth_10g_design_example_0_rsp_xbar_demux.sv                                               ;
; ETH10G_TOP/synthesis/submodules/ETH10G_TOP_eth_10g_design_example_0_rsp_xbar_mux.sv                                                 ;
; ETH10G_TOP/synthesis/submodules/alt_10gbaser_pcs.ocp                                                                                ;
; ETH10G_TOP/synthesis/submodules/alt_10gbaser_pcs.v                                                                                  ;
; ETH10G_TOP/synthesis/submodules/alt_10gbaser_phy.sdc                                                                                ;
; ETH10G_TOP/synthesis/submodules/alt_dprio.v                                                                                         ;
; ETH10G_TOP/synthesis/submodules/alt_mutex_acq.v                                                                                     ;
; ETH10G_TOP/synthesis/submodules/alt_pma_10gbaser_tgx.sv                                                                             ;
; ETH10G_TOP/synthesis/submodules/alt_pma_ch_controller_tgx.v                                                                         ;
; ETH10G_TOP/synthesis/submodules/alt_pma_controller_tgx.v                                                                            ;
; ETH10G_TOP/synthesis/submodules/alt_pma_functions.sv                                                                                ;
; ETH10G_TOP/synthesis/submodules/alt_reset_ctrl_lego.sv                                                                              ;
; ETH10G_TOP/synthesis/submodules/alt_reset_ctrl_tgx_cdrauto.sv                                                                       ;
; ETH10G_TOP/synthesis/submodules/alt_xcvr_arbiter.sv                                                                                 ;
; ETH10G_TOP/synthesis/submodules/alt_xcvr_csr_common.sv                                                                              ;
; ETH10G_TOP/synthesis/submodules/alt_xcvr_csr_common_h.sv                                                                            ;
; ETH10G_TOP/synthesis/submodules/alt_xcvr_csr_pcs8g.sv                                                                               ;
; ETH10G_TOP/synthesis/submodules/alt_xcvr_csr_pcs8g_h.sv                                                                             ;
; ETH10G_TOP/synthesis/submodules/alt_xcvr_csr_selector.sv                                                                            ;
; ETH10G_TOP/synthesis/submodules/alt_xcvr_m2s.sv                                                                                     ;
; ETH10G_TOP/synthesis/submodules/alt_xcvr_mgmt2dec.sv                                                                                ;
; ETH10G_TOP/synthesis/submodules/alt_xcvr_reconfig_analog.sv                                                                         ;
; ETH10G_TOP/synthesis/submodules/alt_xcvr_reconfig_analog_tgx.v                                                                      ;
; ETH10G_TOP/synthesis/submodules/alt_xcvr_reconfig_basic_tgx.v                                                                       ;
; ETH10G_TOP/synthesis/submodules/alt_xcvr_reconfig_dfe.v                                                                             ;
; ETH10G_TOP/synthesis/submodules/alt_xcvr_reconfig_dfe_tgx.v                                                                         ;
; ETH10G_TOP/synthesis/submodules/alt_xcvr_reconfig_eyemon.v                                                                          ;
; ETH10G_TOP/synthesis/submodules/alt_xcvr_reconfig_eyemon_tgx.v                                                                      ;
; ETH10G_TOP/synthesis/submodules/alt_xcvr_reconfig_h.sv                                                                              ;
; ETH10G_TOP/synthesis/submodules/alt_xcvr_reconfig_offset_cancellation.sv                                                            ;
; ETH10G_TOP/synthesis/submodules/alt_xcvr_reconfig_offset_cancellation_tgx.v                                                         ;
; ETH10G_TOP/synthesis/submodules/alt_xcvr_reconfig_siv.sv                                                                            ;
; ETH10G_TOP/synthesis/submodules/alt_xcvr_resync.sv                                                                                  ;
; ETH10G_TOP/synthesis/submodules/altera_10gbaser_phy_async_fifo.sv                                                                   ;
; ETH10G_TOP/synthesis/submodules/altera_10gbaser_phy_async_fifo_fpga.sv                                                              ;
; ETH10G_TOP/synthesis/submodules/altera_10gbaser_phy_ber.v                                                                           ;
; ETH10G_TOP/synthesis/submodules/altera_10gbaser_phy_ber_cnt_ns.v                                                                    ;
; ETH10G_TOP/synthesis/submodules/altera_10gbaser_phy_ber_sm.v                                                                        ;
; ETH10G_TOP/synthesis/submodules/altera_10gbaser_phy_bitsync.v                                                                       ;
; ETH10G_TOP/synthesis/submodules/altera_10gbaser_phy_blksync.v                                                                       ;
; ETH10G_TOP/synthesis/submodules/altera_10gbaser_phy_blksync_datapath.v                                                              ;
; ETH10G_TOP/synthesis/submodules/altera_10gbaser_phy_clk_ctrl.v                                                                      ;
; ETH10G_TOP/synthesis/submodules/altera_10gbaser_phy_clockcomp.sv                                                                    ;
; ETH10G_TOP/synthesis/submodules/altera_10gbaser_phy_decode.sv                                                                       ;
; ETH10G_TOP/synthesis/submodules/altera_10gbaser_phy_decode_type.sv                                                                  ;
; ETH10G_TOP/synthesis/submodules/altera_10gbaser_phy_descramble.v                                                                    ;
; ETH10G_TOP/synthesis/submodules/altera_10gbaser_phy_encode.sv                                                                       ;
; ETH10G_TOP/synthesis/submodules/altera_10gbaser_phy_encode_type.sv                                                                  ;
; ETH10G_TOP/synthesis/submodules/altera_10gbaser_phy_gearbox_exp.v                                                                   ;
; ETH10G_TOP/synthesis/submodules/altera_10gbaser_phy_gearbox_red.v                                                                   ;
; ETH10G_TOP/synthesis/submodules/altera_10gbaser_phy_lock_sm.v                                                                       ;
; ETH10G_TOP/synthesis/submodules/altera_10gbaser_phy_nto1mux.v                                                                       ;
; ETH10G_TOP/synthesis/submodules/altera_10gbaser_phy_params.sv                                                                       ;
; ETH10G_TOP/synthesis/submodules/altera_10gbaser_phy_pcs_10g.v                                                                       ;
; ETH10G_TOP/synthesis/submodules/altera_10gbaser_phy_pcs_10g_top.sv                                                                  ;
; ETH10G_TOP/synthesis/submodules/altera_10gbaser_phy_prbs_gen_xg.v                                                                   ;
; ETH10G_TOP/synthesis/submodules/altera_10gbaser_phy_prbs_ver_xg.v                                                                   ;
; ETH10G_TOP/synthesis/submodules/altera_10gbaser_phy_random_err_cnt_ns.sv                                                            ;
; ETH10G_TOP/synthesis/submodules/altera_10gbaser_phy_random_gen.sv                                                                   ;
; ETH10G_TOP/synthesis/submodules/altera_10gbaser_phy_random_ver.sv                                                                   ;
; ETH10G_TOP/synthesis/submodules/altera_10gbaser_phy_random_ver_10g.sv                                                               ;
; ETH10G_TOP/synthesis/submodules/altera_10gbaser_phy_reg_map_av.sv                                                                   ;
; ETH10G_TOP/synthesis/submodules/altera_10gbaser_phy_register_with_byte_enable.v                                                     ;
; ETH10G_TOP/synthesis/submodules/altera_10gbaser_phy_rx_fifo.v                                                                       ;
; ETH10G_TOP/synthesis/submodules/altera_10gbaser_phy_rx_fifo_wrap.v                                                                  ;
; ETH10G_TOP/synthesis/submodules/altera_10gbaser_phy_rx_sm_datapath.sv                                                               ;
; ETH10G_TOP/synthesis/submodules/altera_10gbaser_phy_rx_sm_ns.sv                                                                     ;
; ETH10G_TOP/synthesis/submodules/altera_10gbaser_phy_rx_top.v                                                                        ;
; ETH10G_TOP/synthesis/submodules/altera_10gbaser_phy_scramble.v                                                                      ;
; ETH10G_TOP/synthesis/submodules/altera_10gbaser_phy_square_wave_gen.v                                                               ;
; ETH10G_TOP/synthesis/submodules/altera_10gbaser_phy_tx_sm_datapath.sv                                                               ;
; ETH10G_TOP/synthesis/submodules/altera_10gbaser_phy_tx_sm_ns.sv                                                                     ;
; ETH10G_TOP/synthesis/submodules/altera_10gbaser_phy_tx_top.v                                                                        ;
; ETH10G_TOP/synthesis/submodules/altera_10gbaser_phy_word_align.v                                                                    ;
; ETH10G_TOP/synthesis/submodules/altera_avalon_dc_fifo.sdc                                                                           ;
; ETH10G_TOP/synthesis/submodules/altera_avalon_dc_fifo.v                                                                             ;
; ETH10G_TOP/synthesis/submodules/altera_avalon_mm_bridge.v                                                                           ;
; ETH10G_TOP/synthesis/submodules/altera_avalon_sc_fifo.v                                                                             ;
; ETH10G_TOP/synthesis/submodules/altera_avalon_st_clock_crosser.v                                                                    ;
; ETH10G_TOP/synthesis/submodules/altera_avalon_st_delay.sv                                                                           ;
; ETH10G_TOP/synthesis/submodules/altera_avalon_st_handshake_clock_crosser.v                                                          ;
; ETH10G_TOP/synthesis/submodules/altera_avalon_st_pipeline_base.v                                                                    ;
; ETH10G_TOP/synthesis/submodules/altera_avalon_st_pipeline_stage.sv                                                                  ;
; ETH10G_TOP/synthesis/submodules/altera_avalon_st_splitter.sv                                                                        ;
; ETH10G_TOP/synthesis/submodules/altera_dcfifo_synchronizer_bundle.v                                                                 ;
; ETH10G_TOP/synthesis/submodules/altera_eth_10gmem_statistics_collector.ocp                                                          ;
; ETH10G_TOP/synthesis/submodules/altera_eth_10gmem_statistics_collector.v                                                            ;
; ETH10G_TOP/synthesis/submodules/altera_eth_address_inserter.ocp                                                                     ;
; ETH10G_TOP/synthesis/submodules/altera_eth_address_inserter.v                                                                       ;
; ETH10G_TOP/synthesis/submodules/altera_eth_crc.ocp                                                                                  ;
; ETH10G_TOP/synthesis/submodules/altera_eth_crc.v                                                                                    ;
; ETH10G_TOP/synthesis/submodules/altera_eth_crc_pad_rem.ocp                                                                          ;
; ETH10G_TOP/synthesis/submodules/altera_eth_crc_pad_rem.v                                                                            ;
; ETH10G_TOP/synthesis/submodules/altera_eth_crc_rem.v                                                                                ;
; ETH10G_TOP/synthesis/submodules/altera_eth_fifo_pause_ctrl_adapter.v                                                                ;
; ETH10G_TOP/synthesis/submodules/altera_eth_frame_decoder.ocp                                                                        ;
; ETH10G_TOP/synthesis/submodules/altera_eth_frame_decoder.v                                                                          ;
; ETH10G_TOP/synthesis/submodules/altera_eth_frame_status_merger.v                                                                    ;
; ETH10G_TOP/synthesis/submodules/altera_eth_lane_decoder.ocp                                                                         ;
; ETH10G_TOP/synthesis/submodules/altera_eth_lane_decoder.v                                                                           ;
; ETH10G_TOP/synthesis/submodules/altera_eth_link_fault_detection.ocp                                                                 ;
; ETH10G_TOP/synthesis/submodules/altera_eth_link_fault_detection.v                                                                   ;
; ETH10G_TOP/synthesis/submodules/altera_eth_link_fault_generation.ocp                                                                ;
; ETH10G_TOP/synthesis/submodules/altera_eth_link_fault_generation.v                                                                  ;
; ETH10G_TOP/synthesis/submodules/altera_eth_loopback.v                                                                               ;
; ETH10G_TOP/synthesis/submodules/altera_eth_mdio.v                                                                                   ;
; ETH10G_TOP/synthesis/submodules/altera_eth_packet_formatter.ocp                                                                     ;
; ETH10G_TOP/synthesis/submodules/altera_eth_packet_formatter.v                                                                       ;
; ETH10G_TOP/synthesis/submodules/altera_eth_packet_overflow_control.ocp                                                              ;
; ETH10G_TOP/synthesis/submodules/altera_eth_packet_overflow_control.v                                                                ;
; ETH10G_TOP/synthesis/submodules/altera_eth_packet_underflow_control.ocp                                                             ;
; ETH10G_TOP/synthesis/submodules/altera_eth_packet_underflow_control.v                                                               ;
; ETH10G_TOP/synthesis/submodules/altera_eth_pad_inserter.ocp                                                                         ;
; ETH10G_TOP/synthesis/submodules/altera_eth_pad_inserter.v                                                                           ;
; ETH10G_TOP/synthesis/submodules/altera_eth_pause_beat_conversion.v                                                                  ;
; ETH10G_TOP/synthesis/submodules/altera_eth_pause_controller.v                                                                       ;
; ETH10G_TOP/synthesis/submodules/altera_eth_pause_ctrl_gen.ocp                                                                       ;
; ETH10G_TOP/synthesis/submodules/altera_eth_pause_ctrl_gen.v                                                                         ;
; ETH10G_TOP/synthesis/submodules/altera_eth_pause_gen.v                                                                              ;
; ETH10G_TOP/synthesis/submodules/altera_eth_pkt_backpressure_control.ocp                                                             ;
; ETH10G_TOP/synthesis/submodules/altera_eth_pkt_backpressure_control.v                                                               ;
; ETH10G_TOP/synthesis/submodules/altera_eth_xgmii_termination.ocp                                                                    ;
; ETH10G_TOP/synthesis/submodules/altera_eth_xgmii_termination.v                                                                      ;
; ETH10G_TOP/synthesis/submodules/altera_merlin_arbitrator.sv                                                                         ;
; ETH10G_TOP/synthesis/submodules/altera_merlin_burst_uncompressor.sv                                                                 ;
; ETH10G_TOP/synthesis/submodules/altera_merlin_master_agent.sv                                                                       ;
; ETH10G_TOP/synthesis/submodules/altera_merlin_master_translator.sv                                                                  ;
; ETH10G_TOP/synthesis/submodules/altera_merlin_slave_agent.sv                                                                        ;
; ETH10G_TOP/synthesis/submodules/altera_merlin_slave_translator.sv                                                                   ;
; ETH10G_TOP/synthesis/submodules/altera_merlin_traffic_limiter.sv                                                                    ;
; ETH10G_TOP/synthesis/submodules/altera_packet_stripper.v                                                                            ;
; ETH10G_TOP/synthesis/submodules/altera_reset_controller.sdc                                                                         ;
; ETH10G_TOP/synthesis/submodules/altera_reset_controller.v                                                                           ;
; ETH10G_TOP/synthesis/submodules/altera_reset_synchronizer.v                                                                         ;
; ETH10G_TOP/synthesis/submodules/altera_wait_generate.v                                                                              ;
; ETH10G_TOP/synthesis/submodules/altera_xcvr_10gbaser.sv                                                                             ;
; ETH10G_TOP/synthesis/submodules/altera_xcvr_10gbaser_assignment.qip                                                                 ;
; ETH10G_TOP/synthesis/submodules/altera_xcvr_functions.sv                                                                            ;
; ETH10G_TOP/synthesis/submodules/crc32.v                                                                                             ;
; ETH10G_TOP/synthesis/submodules/csr_pcs10gbaser.sv                                                                                  ;
; ETH10G_TOP/synthesis/submodules/csr_pcs10gbaser_h.sv                                                                                ;
; ETH10G_TOP/synthesis/submodules/gearbox_exp.v                                                                                       ;
; ETH10G_TOP/synthesis/submodules/gf_mult32_kc.v                                                                                      ;
; ETH10G_TOP/synthesis/submodules/nto1mux.v                                                                                           ;
; ETH10G_TOP/synthesis/submodules/pll_siv_xgmii.v                                                                                     ;
; ETH10G_TOP/synthesis/submodules/siv_10gbaser_pcs_pma_map.v                                                                          ;
; ETH10G_TOP/synthesis/submodules/siv_10gbaser_xcvr.v                                                                                 ;
; ETH10G_TOP/synthesis/submodules/siv_xcvr_low_latency_phy_nr.sv                                                                      ;
; ETH10G_TOP/synthesis/submodules/tgx_ch_reset_ctrl.sv                                                                                ;
; LED_CONTROL.v                                                                                                                       ;
; LED_CTRL_MUX.v                                                                                                                      ;
; PLL/greybox_tmp/cbx_args.txt                                                                                                        ;
; PLL/sys_pll.ppf                                                                                                                     ;
; PLL/sys_pll.qip                                                                                                                     ;
; PLL/sys_pll.v                                                                                                                       ;
; PLLJ_PLLSPE_INFO.txt                                                                                                                ;
; SIM/CHIP_REGMAP.v                                                                                                                   ;
; SIM/altera_jtag_avalon_master.v                                                                                                     ;
; SIM/compile.tcl                                                                                                                     ;
; SIM/eth_inc.v                                                                                                                       ;
; SIM/gen_inc.v                                                                                                                       ;
; SIM/mon_inc.v                                                                                                                       ;
; SIM/runit.bat                                                                                                                       ;
; SIM/runsim.tcl                                                                                                                      ;
; SIM/tb.v                                                                                                                            ;
; SIM/tb_inc.v                                                                                                                        ;
; SIM/top_inc.v                                                                                                                       ;
; SIM/wave.do                                                                                                                         ;
; SYSTEM_CONTROLLER/master_slave_bridge.v                                                                                             ;
; SYSTEM_CONTROLLER/master_slave_bridge.v.bak                                                                                         ;
; SYSTEM_CONTROLLER/master_slave_decoder.v                                                                                            ;
; SYSTEM_CONTROLLER/sys_control.qip                                                                                                   ;
; SYSTEM_CONTROLLER/sys_control.v                                                                                                     ;
; TRAFFIC_CONTROLLER/alt_mf/ALTMF_GEN.qpf                                                                                             ;
; TRAFFIC_CONTROLLER/alt_mf/ALTMF_GEN.qsf                                                                                             ;
; TRAFFIC_CONTROLLER/alt_mf/crcchk.bsf                                                                                                ;
; TRAFFIC_CONTROLLER/alt_mf/crcchk.html                                                                                               ;
; TRAFFIC_CONTROLLER/alt_mf/crcchk.qip                                                                                                ;
; TRAFFIC_CONTROLLER/alt_mf/crcchk.v                                                                                                  ;
; TRAFFIC_CONTROLLER/alt_mf/crcchk.vo                                                                                                 ;
; TRAFFIC_CONTROLLER/alt_mf/crcchk_altcrc.ocp                                                                                         ;
; TRAFFIC_CONTROLLER/alt_mf/crcchk_altcrc.ppf                                                                                         ;
; TRAFFIC_CONTROLLER/alt_mf/crcchk_altcrc.v                                                                                           ;
; TRAFFIC_CONTROLLER/alt_mf/crcgen.bsf                                                                                                ;
; TRAFFIC_CONTROLLER/alt_mf/crcgen.html                                                                                               ;
; TRAFFIC_CONTROLLER/alt_mf/crcgen.qip                                                                                                ;
; TRAFFIC_CONTROLLER/alt_mf/crcgen.v                                                                                                  ;
; TRAFFIC_CONTROLLER/alt_mf/crcgen.vo                                                                                                 ;
; TRAFFIC_CONTROLLER/alt_mf/crcgen_altcrc.ocp                                                                                         ;
; TRAFFIC_CONTROLLER/alt_mf/crcgen_altcrc.ppf                                                                                         ;
; TRAFFIC_CONTROLLER/alt_mf/crcgen_altcrc.v                                                                                           ;
; TRAFFIC_CONTROLLER/alt_mf/eth_10g.v                                                                                                 ;
; TRAFFIC_CONTROLLER/alt_mf/tb/verilog/demo_hookup.iv                                                                                 ;
; TRAFFIC_CONTROLLER/alt_mf/tb/verilog/demo_hutil.iv                                                                                  ;
; TRAFFIC_CONTROLLER/alt_mf/tb/verilog/demo_run_modelsim.tcl                                                                          ;
; TRAFFIC_CONTROLLER/alt_mf/tb/verilog/tb.v                                                                                           ;
; TRAFFIC_CONTROLLER/alt_mf/tb/verilog/tb_utils.v                                                                                     ;
; TRAFFIC_CONTROLLER/alt_mf/tb/vhdl/demo_eth_10g_packages.vhd                                                                         ;
; TRAFFIC_CONTROLLER/alt_mf/tb/vhdl/demo_eth_gen_xaui_model.vhd                                                                       ;
; TRAFFIC_CONTROLLER/alt_mf/tb/vhdl/demo_eth_gen_xaui_model.vho                                                                       ;
; TRAFFIC_CONTROLLER/alt_mf/tb/vhdl/demo_mdio_unit.vhd                                                                                ;
; TRAFFIC_CONTROLLER/alt_mf/tb/vhdl/demo_packet_fifo.vhd                                                                              ;
; TRAFFIC_CONTROLLER/alt_mf/tb/vhdl/demo_run_modelsim.tcl                                                                             ;
; TRAFFIC_CONTROLLER/alt_mf/tb/vhdl/tb.vhd                                                                                            ;
; TRAFFIC_CONTROLLER/alt_mf/testbench/crcchk.v                                                                                        ;
; TRAFFIC_CONTROLLER/alt_mf/testbench/crcdemo.v                                                                                       ;
; TRAFFIC_CONTROLLER/alt_mf/testbench/crcgen.v                                                                                        ;
; TRAFFIC_CONTROLLER/alt_mf/testbench/tb.v                                                                                            ;
; TRAFFIC_CONTROLLER/avalon_st_gen.v                                                                                                  ;
; TRAFFIC_CONTROLLER/avalon_st_mon.v                                                                                                  ;
; TRAFFIC_CONTROLLER/avalon_st_prtmux.v                                                                                               ;
; TRAFFIC_CONTROLLER/avalon_st_traffic_controller.qip                                                                                 ;
; TRAFFIC_CONTROLLER/avalon_st_traffic_controller.v                                                                                   ;
; TRAFFIC_CONTROLLER/avalon_st_traffic_controller.v~                                                                                  ;
; TRAFFIC_CONTROLLER/shiftreg_ctrl.v                                                                                                  ;
; TRAFFIC_CONTROLLER/shiftreg_data.v                                                                                                  ;
; chip.asm.rpt                                                                                                                        ;
; chip.cdf                                                                                                                            ;
; chip.done                                                                                                                           ;
; chip.fit.rpt                                                                                                                        ;
; chip.fit.smsg                                                                                                                       ;
; chip.fit.summary                                                                                                                    ;
; chip.flow.rpt                                                                                                                       ;
; chip.jdi                                                                                                                            ;
; chip.map.rpt                                                                                                                        ;
; chip.map.smsg                                                                                                                       ;
; chip.map.summary                                                                                                                    ;
; chip.pin                                                                                                                            ;
; chip.qpf                                                                                                                            ;
; chip.qsf                                                                                                                            ;
; chip.sof                                                                                                                            ;
; chip.sta.rpt                                                                                                                        ;
; chip.sta.summary                                                                                                                    ;
; chip_assignment_defaults.qdf                                                                                                        ;
+-------------------------------------------------------------------------------------------------------------------------------------+


+--------------------+
; Files Not Restored ;
+--------------------+
; File Name          ;
+--------------------+


